1758568354.657073 client started (1019939): version 3.2a, socket /tmp/tmux-1931048677/default, protocol 8
1758568354.657112 on Linux 5.15.0-153-generic #163-Ubuntu SMP Thu Aug 7 16:37:18 UTC 2025
1758568354.657119 using libevent 2.1.12-stable (poll); ncurses 6.3
1758568354.657171 flags are 0x18010000
1758568354.657176 socket is /tmp/tmux-1931048677/default
1758568354.657191 trying connect
1758568354.657273 add peer 0x55dbddf93170: 6 ((nil))
1758568354.657708 sending message 100 to peer 0x55dbddf93170 (4 bytes)
1758568354.657716 sending message 111 to peer 0x55dbddf93170 (8 bytes)
1758568354.657722 sending message 101 to peer 0x55dbddf93170 (15 bytes)
1758568354.657727 sending message 109 to peer 0x55dbddf93170 (4 bytes)
1758568354.657732 sending message 102 to peer 0x55dbddf93170 (11 bytes)
1758568354.657737 sending message 108 to peer 0x55dbddf93170 (34 bytes)
1758568354.657743 sending message 112 to peer 0x55dbddf93170 (58 bytes)
1758568354.657749 sending message 112 to peer 0x55dbddf93170 (5 bytes)
1758568354.657754 sending message 112 to peer 0x55dbddf93170 (5 bytes)
1758568354.657758 sending message 112 to peer 0x55dbddf93170 (6 bytes)
1758568354.657763 sending message 112 to peer 0x55dbddf93170 (6 bytes)
1758568354.657768 sending message 112 to peer 0x55dbddf93170 (11 bytes)
1758568354.657773 sending message 112 to peer 0x55dbddf93170 (10 bytes)
1758568354.657777 sending message 112 to peer 0x55dbddf93170 (13 bytes)
1758568354.657782 sending message 112 to peer 0x55dbddf93170 (14 bytes)
1758568354.657787 sending message 112 to peer 0x55dbddf93170 (19 bytes)
1758568354.657792 sending message 112 to peer 0x55dbddf93170 (11 bytes)
1758568354.657797 sending message 112 to peer 0x55dbddf93170 (10 bytes)
1758568354.657802 sending message 112 to peer 0x55dbddf93170 (15 bytes)
1758568354.657806 sending message 112 to peer 0x55dbddf93170 (21 bytes)
1758568354.657818 sending message 112 to peer 0x55dbddf93170 (13 bytes)
1758568354.657822 sending message 112 to peer 0x55dbddf93170 (7 bytes)
1758568354.657827 sending message 112 to peer 0x55dbddf93170 (13 bytes)
1758568354.657832 sending message 112 to peer 0x55dbddf93170 (7 bytes)
1758568354.657837 sending message 112 to peer 0x55dbddf93170 (13 bytes)
1758568354.657842 sending message 112 to peer 0x55dbddf93170 (9 bytes)
1758568354.657846 sending message 112 to peer 0x55dbddf93170 (21 bytes)
1758568354.657852 sending message 112 to peer 0x55dbddf93170 (13 bytes)
1758568354.657857 sending message 112 to peer 0x55dbddf93170 (9 bytes)
1758568354.657862 sending message 112 to peer 0x55dbddf93170 (16 bytes)
1758568354.657867 sending message 112 to peer 0x55dbddf93170 (13 bytes)
1758568354.657871 sending message 112 to peer 0x55dbddf93170 (9 bytes)
1758568354.657876 sending message 112 to peer 0x55dbddf93170 (9 bytes)
1758568354.657881 sending message 112 to peer 0x55dbddf93170 (12 bytes)
1758568354.657886 sending message 112 to peer 0x55dbddf93170 (8 bytes)
1758568354.657891 sending message 112 to peer 0x55dbddf93170 (8 bytes)
1758568354.657895 sending message 112 to peer 0x55dbddf93170 (13 bytes)
1758568354.657900 sending message 112 to peer 0x55dbddf93170 (7 bytes)
1758568354.657905 sending message 112 to peer 0x55dbddf93170 (7 bytes)
1758568354.657909 sending message 112 to peer 0x55dbddf93170 (9 bytes)
1758568354.657914 sending message 112 to peer 0x55dbddf93170 (9 bytes)
1758568354.657919 sending message 112 to peer 0x55dbddf93170 (15 bytes)
1758568354.657924 sending message 112 to peer 0x55dbddf93170 (13 bytes)
1758568354.657928 sending message 112 to peer 0x55dbddf93170 (12 bytes)
1758568354.657933 sending message 112 to peer 0x55dbddf93170 (8 bytes)
1758568354.657938 sending message 112 to peer 0x55dbddf93170 (14 bytes)
1758568354.657942 sending message 112 to peer 0x55dbddf93170 (11 bytes)
1758568354.657947 sending message 112 to peer 0x55dbddf93170 (9 bytes)
1758568354.657952 sending message 112 to peer 0x55dbddf93170 (10 bytes)
1758568354.657957 sending message 112 to peer 0x55dbddf93170 (10 bytes)
1758568354.657962 sending message 112 to peer 0x55dbddf93170 (10 bytes)
1758568354.657967 sending message 112 to peer 0x55dbddf93170 (10 bytes)
1758568354.657980 sending message 112 to peer 0x55dbddf93170 (11 bytes)
1758568354.657985 sending message 112 to peer 0x55dbddf93170 (12 bytes)
1758568354.657990 sending message 112 to peer 0x55dbddf93170 (12 bytes)
1758568354.657994 sending message 112 to peer 0x55dbddf93170 (12 bytes)
1758568354.657999 sending message 112 to peer 0x55dbddf93170 (12 bytes)
1758568354.658004 sending message 112 to peer 0x55dbddf93170 (12 bytes)
1758568354.658009 sending message 112 to peer 0x55dbddf93170 (11 bytes)
1758568354.658013 sending message 112 to peer 0x55dbddf93170 (11 bytes)
1758568354.658018 sending message 112 to peer 0x55dbddf93170 (12 bytes)
1758568354.658022 sending message 112 to peer 0x55dbddf93170 (12 bytes)
1758568354.658027 sending message 112 to peer 0x55dbddf93170 (12 bytes)
1758568354.658032 sending message 112 to peer 0x55dbddf93170 (12 bytes)
1758568354.658036 sending message 112 to peer 0x55dbddf93170 (12 bytes)
1758568354.658041 sending message 112 to peer 0x55dbddf93170 (9 bytes)
1758568354.658046 sending message 112 to peer 0x55dbddf93170 (12 bytes)
1758568354.658051 sending message 112 to peer 0x55dbddf93170 (13 bytes)
1758568354.658055 sending message 112 to peer 0x55dbddf93170 (13 bytes)
1758568354.658060 sending message 112 to peer 0x55dbddf93170 (13 bytes)
1758568354.658065 sending message 112 to peer 0x55dbddf93170 (13 bytes)
1758568354.658070 sending message 112 to peer 0x55dbddf93170 (13 bytes)
1758568354.658074 sending message 112 to peer 0x55dbddf93170 (8 bytes)
1758568354.658079 sending message 112 to peer 0x55dbddf93170 (11 bytes)
1758568354.658084 sending message 112 to peer 0x55dbddf93170 (11 bytes)
1758568354.658088 sending message 112 to peer 0x55dbddf93170 (11 bytes)
1758568354.658093 sending message 112 to peer 0x55dbddf93170 (12 bytes)
1758568354.658098 sending message 112 to peer 0x55dbddf93170 (12 bytes)
1758568354.658102 sending message 112 to peer 0x55dbddf93170 (12 bytes)
1758568354.658107 sending message 112 to peer 0x55dbddf93170 (12 bytes)
1758568354.658111 sending message 112 to peer 0x55dbddf93170 (13 bytes)
1758568354.658116 sending message 112 to peer 0x55dbddf93170 (13 bytes)
1758568354.658121 sending message 112 to peer 0x55dbddf93170 (13 bytes)
1758568354.658125 sending message 112 to peer 0x55dbddf93170 (8 bytes)
1758568354.658130 sending message 112 to peer 0x55dbddf93170 (13 bytes)
1758568354.658135 sending message 112 to peer 0x55dbddf93170 (13 bytes)
1758568354.658140 sending message 112 to peer 0x55dbddf93170 (13 bytes)
1758568354.658144 sending message 112 to peer 0x55dbddf93170 (13 bytes)
1758568354.658149 sending message 112 to peer 0x55dbddf93170 (13 bytes)
1758568354.658154 sending message 112 to peer 0x55dbddf93170 (12 bytes)
1758568354.658158 sending message 112 to peer 0x55dbddf93170 (12 bytes)
1758568354.658163 sending message 112 to peer 0x55dbddf93170 (12 bytes)
1758568354.658168 sending message 112 to peer 0x55dbddf93170 (12 bytes)
1758568354.658172 sending message 112 to peer 0x55dbddf93170 (13 bytes)
1758568354.658177 sending message 112 to peer 0x55dbddf93170 (8 bytes)
1758568354.658182 sending message 112 to peer 0x55dbddf93170 (13 bytes)
1758568354.658187 sending message 112 to peer 0x55dbddf93170 (13 bytes)
1758568354.658191 sending message 112 to peer 0x55dbddf93170 (13 bytes)
1758568354.658196 sending message 112 to peer 0x55dbddf93170 (13 bytes)
1758568354.658201 sending message 112 to peer 0x55dbddf93170 (13 bytes)
1758568354.658205 sending message 112 to peer 0x55dbddf93170 (13 bytes)
1758568354.658210 sending message 112 to peer 0x55dbddf93170 (13 bytes)
1758568354.658215 sending message 112 to peer 0x55dbddf93170 (12 bytes)
1758568354.658219 sending message 112 to peer 0x55dbddf93170 (12 bytes)
1758568354.658224 sending message 112 to peer 0x55dbddf93170 (12 bytes)
1758568354.658229 sending message 112 to peer 0x55dbddf93170 (8 bytes)
1758568354.658233 sending message 112 to peer 0x55dbddf93170 (12 bytes)
1758568354.658238 sending message 112 to peer 0x55dbddf93170 (13 bytes)
1758568354.658248 sending message 112 to peer 0x55dbddf93170 (13 bytes)
1758568354.658253 sending message 112 to peer 0x55dbddf93170 (13 bytes)
1758568354.658258 sending message 112 to peer 0x55dbddf93170 (13 bytes)
1758568354.658263 sending message 112 to peer 0x55dbddf93170 (13 bytes)
1758568354.658268 sending message 112 to peer 0x55dbddf93170 (13 bytes)
1758568354.658272 sending message 112 to peer 0x55dbddf93170 (13 bytes)
1758568354.658277 sending message 112 to peer 0x55dbddf93170 (13 bytes)
1758568354.658281 sending message 112 to peer 0x55dbddf93170 (12 bytes)
1758568354.658286 sending message 112 to peer 0x55dbddf93170 (10 bytes)
1758568354.658291 sending message 112 to peer 0x55dbddf93170 (12 bytes)
1758568354.658295 sending message 112 to peer 0x55dbddf93170 (12 bytes)
1758568354.658300 sending message 112 to peer 0x55dbddf93170 (12 bytes)
1758568354.658304 sending message 112 to peer 0x55dbddf93170 (13 bytes)
1758568354.658309 sending message 112 to peer 0x55dbddf93170 (13 bytes)
1758568354.658314 sending message 112 to peer 0x55dbddf93170 (13 bytes)
1758568354.658319 sending message 112 to peer 0x55dbddf93170 (13 bytes)
1758568354.658323 sending message 112 to peer 0x55dbddf93170 (13 bytes)
1758568354.658328 sending message 112 to peer 0x55dbddf93170 (13 bytes)
1758568354.658333 sending message 112 to peer 0x55dbddf93170 (13 bytes)
1758568354.658337 sending message 112 to peer 0x55dbddf93170 (10 bytes)
1758568354.658342 sending message 112 to peer 0x55dbddf93170 (13 bytes)
1758568354.658346 sending message 112 to peer 0x55dbddf93170 (12 bytes)
1758568354.658351 sending message 112 to peer 0x55dbddf93170 (12 bytes)
1758568354.658355 sending message 112 to peer 0x55dbddf93170 (12 bytes)
1758568354.658360 sending message 112 to peer 0x55dbddf93170 (10 bytes)
1758568354.658365 sending message 112 to peer 0x55dbddf93170 (10 bytes)
1758568354.658370 sending message 112 to peer 0x55dbddf93170 (10 bytes)
1758568354.658374 sending message 112 to peer 0x55dbddf93170 (12 bytes)
1758568354.658379 sending message 112 to peer 0x55dbddf93170 (13 bytes)
1758568354.658383 sending message 112 to peer 0x55dbddf93170 (13 bytes)
1758568354.658388 sending message 112 to peer 0x55dbddf93170 (13 bytes)
1758568354.658392 sending message 112 to peer 0x55dbddf93170 (13 bytes)
1758568354.658397 sending message 112 to peer 0x55dbddf93170 (13 bytes)
1758568354.658402 sending message 112 to peer 0x55dbddf93170 (10 bytes)
1758568354.658406 sending message 112 to peer 0x55dbddf93170 (11 bytes)
1758568354.658411 sending message 112 to peer 0x55dbddf93170 (12 bytes)
1758568354.658415 sending message 112 to peer 0x55dbddf93170 (12 bytes)
1758568354.658420 sending message 112 to peer 0x55dbddf93170 (12 bytes)
1758568354.658425 sending message 112 to peer 0x55dbddf93170 (12 bytes)
1758568354.658429 sending message 112 to peer 0x55dbddf93170 (12 bytes)
1758568354.658434 sending message 112 to peer 0x55dbddf93170 (11 bytes)
1758568354.658438 sending message 112 to peer 0x55dbddf93170 (12 bytes)
1758568354.658443 sending message 112 to peer 0x55dbddf93170 (12 bytes)
1758568354.658448 sending message 112 to peer 0x55dbddf93170 (13 bytes)
1758568354.658452 sending message 112 to peer 0x55dbddf93170 (13 bytes)
1758568354.658457 sending message 112 to peer 0x55dbddf93170 (13 bytes)
1758568354.658462 sending message 112 to peer 0x55dbddf93170 (13 bytes)
1758568354.658466 sending message 112 to peer 0x55dbddf93170 (13 bytes)
1758568354.658471 sending message 112 to peer 0x55dbddf93170 (10 bytes)
1758568354.658476 sending message 112 to peer 0x55dbddf93170 (9 bytes)
1758568354.658481 sending message 112 to peer 0x55dbddf93170 (12 bytes)
1758568354.658485 sending message 112 to peer 0x55dbddf93170 (13 bytes)
1758568354.658490 sending message 112 to peer 0x55dbddf93170 (13 bytes)
1758568354.658495 sending message 112 to peer 0x55dbddf93170 (13 bytes)
1758568354.658500 sending message 112 to peer 0x55dbddf93170 (13 bytes)
1758568354.658504 sending message 112 to peer 0x55dbddf93170 (13 bytes)
1758568354.658509 sending message 112 to peer 0x55dbddf93170 (9 bytes)
1758568354.658518 sending message 112 to peer 0x55dbddf93170 (12 bytes)
1758568354.658550 sending message 112 to peer 0x55dbddf93170 (13 bytes)
1758568354.658560 sending message 112 to peer 0x55dbddf93170 (13 bytes)
1758568354.658565 sending message 112 to peer 0x55dbddf93170 (13 bytes)
1758568354.658570 sending message 112 to peer 0x55dbddf93170 (13 bytes)
1758568354.658575 sending message 112 to peer 0x55dbddf93170 (13 bytes)
1758568354.658580 sending message 112 to peer 0x55dbddf93170 (11 bytes)
1758568354.658584 sending message 112 to peer 0x55dbddf93170 (12 bytes)
1758568354.658589 sending message 112 to peer 0x55dbddf93170 (13 bytes)
1758568354.658594 sending message 112 to peer 0x55dbddf93170 (13 bytes)
1758568354.658598 sending message 112 to peer 0x55dbddf93170 (13 bytes)
1758568354.658603 sending message 112 to peer 0x55dbddf93170 (13 bytes)
1758568354.658608 sending message 112 to peer 0x55dbddf93170 (13 bytes)
1758568354.658613 sending message 112 to peer 0x55dbddf93170 (11 bytes)
1758568354.658617 sending message 112 to peer 0x55dbddf93170 (12 bytes)
1758568354.658622 sending message 112 to peer 0x55dbddf93170 (12 bytes)
1758568354.658627 sending message 112 to peer 0x55dbddf93170 (12 bytes)
1758568354.658632 sending message 112 to peer 0x55dbddf93170 (12 bytes)
1758568354.658636 sending message 112 to peer 0x55dbddf93170 (12 bytes)
1758568354.658641 sending message 112 to peer 0x55dbddf93170 (21 bytes)
1758568354.658646 sending message 112 to peer 0x55dbddf93170 (12 bytes)
1758568354.658650 sending message 112 to peer 0x55dbddf93170 (9 bytes)
1758568354.658655 sending message 112 to peer 0x55dbddf93170 (6 bytes)
1758568354.658660 sending message 112 to peer 0x55dbddf93170 (13 bytes)
1758568354.658664 sending message 112 to peer 0x55dbddf93170 (10 bytes)
1758568354.658669 sending message 112 to peer 0x55dbddf93170 (24 bytes)
1758568354.658674 sending message 112 to peer 0x55dbddf93170 (13 bytes)
1758568354.658678 sending message 112 to peer 0x55dbddf93170 (9 bytes)
1758568354.658684 sending message 112 to peer 0x55dbddf93170 (70 bytes)
1758568354.658689 sending message 112 to peer 0x55dbddf93170 (69 bytes)
1758568354.658693 sending message 112 to peer 0x55dbddf93170 (12 bytes)
1758568354.658698 sending message 112 to peer 0x55dbddf93170 (10 bytes)
1758568354.658703 sending message 112 to peer 0x55dbddf93170 (10 bytes)
1758568354.658708 sending message 112 to peer 0x55dbddf93170 (24 bytes)
1758568354.658713 sending message 112 to peer 0x55dbddf93170 (13 bytes)
1758568354.658717 sending message 112 to peer 0x55dbddf93170 (10 bytes)
1758568354.658722 sending message 112 to peer 0x55dbddf93170 (10 bytes)
1758568354.658727 sending message 112 to peer 0x55dbddf93170 (10 bytes)
1758568354.658732 sending message 112 to peer 0x55dbddf93170 (13 bytes)
1758568354.658737 sending message 112 to peer 0x55dbddf93170 (15 bytes)
1758568354.658741 sending message 112 to peer 0x55dbddf93170 (5 bytes)
1758568354.658747 sending message 104 to peer 0x55dbddf93170 (0 bytes)
1758568354.658753 sending message 110 to peer 0x55dbddf93170 (0 bytes)
1758568354.658759 sending message 107 to peer 0x55dbddf93170 (4 bytes)
1758568354.658764 sending message 105 to peer 0x55dbddf93170 (16 bytes)
1758568354.658768 sending message 105 to peer 0x55dbddf93170 (32 bytes)
1758568354.658774 sending message 105 to peer 0x55dbddf93170 (1058 bytes)
1758568354.658784 sending message 105 to peer 0x55dbddf93170 (36 bytes)
1758568354.658789 sending message 105 to peer 0x55dbddf93170 (8 bytes)
1758568354.658794 sending message 105 to peer 0x55dbddf93170 (390 bytes)
1758568354.658799 sending message 105 to peer 0x55dbddf93170 (20 bytes)
1758568354.658804 sending message 105 to peer 0x55dbddf93170 (19 bytes)
1758568354.658809 sending message 105 to peer 0x55dbddf93170 (33 bytes)
1758568354.658814 sending message 105 to peer 0x55dbddf93170 (57 bytes)
1758568354.658818 sending message 105 to peer 0x55dbddf93170 (12 bytes)
1758568354.658823 sending message 105 to peer 0x55dbddf93170 (10 bytes)
1758568354.658828 sending message 105 to peer 0x55dbddf93170 (46 bytes)
1758568354.658836 sending message 105 to peer 0x55dbddf93170 (55 bytes)
1758568354.658841 sending message 105 to peer 0x55dbddf93170 (31 bytes)
1758568354.658846 sending message 105 to peer 0x55dbddf93170 (28 bytes)
1758568354.658851 sending message 105 to peer 0x55dbddf93170 (28 bytes)
1758568354.658856 sending message 105 to peer 0x55dbddf93170 (51 bytes)
1758568354.658860 sending message 105 to peer 0x55dbddf93170 (41 bytes)
1758568354.658865 sending message 105 to peer 0x55dbddf93170 (12 bytes)
1758568354.658869 sending message 105 to peer 0x55dbddf93170 (23 bytes)
1758568354.658874 sending message 105 to peer 0x55dbddf93170 (38 bytes)
1758568354.658879 sending message 105 to peer 0x55dbddf93170 (39 bytes)
1758568354.658883 sending message 105 to peer 0x55dbddf93170 (69 bytes)
1758568354.658888 sending message 105 to peer 0x55dbddf93170 (15 bytes)
1758568354.658893 sending message 105 to peer 0x55dbddf93170 (68 bytes)
1758568354.658898 sending message 105 to peer 0x55dbddf93170 (21 bytes)
1758568354.658902 sending message 105 to peer 0x55dbddf93170 (64 bytes)
1758568354.658907 sending message 105 to peer 0x55dbddf93170 (41 bytes)
1758568354.658912 sending message 105 to peer 0x55dbddf93170 (44 bytes)
1758568354.658917 sending message 105 to peer 0x55dbddf93170 (193 bytes)
1758568354.658922 sending message 105 to peer 0x55dbddf93170 (65 bytes)
1758568354.658927 sending message 105 to peer 0x55dbddf93170 (153 bytes)
1758568354.658931 sending message 105 to peer 0x55dbddf93170 (23 bytes)
1758568354.658936 sending message 105 to peer 0x55dbddf93170 (32 bytes)
1758568354.658941 sending message 105 to peer 0x55dbddf93170 (42 bytes)
1758568354.658946 sending message 105 to peer 0x55dbddf93170 (15 bytes)
1758568354.658951 sending message 105 to peer 0x55dbddf93170 (120 bytes)
1758568354.658956 sending message 105 to peer 0x55dbddf93170 (18 bytes)
1758568354.658961 sending message 105 to peer 0x55dbddf93170 (69 bytes)
1758568354.658966 sending message 105 to peer 0x55dbddf93170 (17 bytes)
1758568354.658971 sending message 105 to peer 0x55dbddf93170 (1519 bytes)
1758568354.658979 sending message 105 to peer 0x55dbddf93170 (24 bytes)
1758568354.658984 sending message 105 to peer 0x55dbddf93170 (373 bytes)
1758568354.658989 sending message 105 to peer 0x55dbddf93170 (53 bytes)
1758568354.658994 sending message 105 to peer 0x55dbddf93170 (101 bytes)
1758568354.658999 sending message 105 to peer 0x55dbddf93170 (31 bytes)
1758568354.659003 sending message 105 to peer 0x55dbddf93170 (34 bytes)
1758568354.659008 sending message 105 to peer 0x55dbddf93170 (31 bytes)
1758568354.659013 sending message 105 to peer 0x55dbddf93170 (19 bytes)
1758568354.659018 sending message 105 to peer 0x55dbddf93170 (52 bytes)
1758568354.659022 sending message 105 to peer 0x55dbddf93170 (30 bytes)
1758568354.659028 sending message 105 to peer 0x55dbddf93170 (1042 bytes)
1758568354.659034 sending message 105 to peer 0x55dbddf93170 (26 bytes)
1758568354.659039 sending message 105 to peer 0x55dbddf93170 (155 bytes)
1758568354.659044 sending message 105 to peer 0x55dbddf93170 (34 bytes)
1758568354.659049 sending message 105 to peer 0x55dbddf93170 (23 bytes)
1758568354.659054 sending message 105 to peer 0x55dbddf93170 (20 bytes)
1758568354.659059 sending message 105 to peer 0x55dbddf93170 (28 bytes)
1758568354.659064 sending message 105 to peer 0x55dbddf93170 (36 bytes)
1758568354.659068 sending message 105 to peer 0x55dbddf93170 (32 bytes)
1758568354.659073 sending message 105 to peer 0x55dbddf93170 (12 bytes)
1758568354.659078 sending message 105 to peer 0x55dbddf93170 (390 bytes)
1758568354.659083 sending message 105 to peer 0x55dbddf93170 (32 bytes)
1758568354.659088 sending message 105 to peer 0x55dbddf93170 (206 bytes)
1758568354.659093 sending message 105 to peer 0x55dbddf93170 (23 bytes)
1758568354.659098 sending message 105 to peer 0x55dbddf93170 (8 bytes)
1758568354.659103 sending message 105 to peer 0x55dbddf93170 (11 bytes)
1758568354.659108 sending message 105 to peer 0x55dbddf93170 (34 bytes)
1758568354.659113 sending message 105 to peer 0x55dbddf93170 (33 bytes)
1758568354.659122 sending message 105 to peer 0x55dbddf93170 (24 bytes)
1758568354.659127 sending message 105 to peer 0x55dbddf93170 (29 bytes)
1758568354.659132 sending message 105 to peer 0x55dbddf93170 (67 bytes)
1758568354.659137 sending message 105 to peer 0x55dbddf93170 (19 bytes)
1758568354.659142 sending message 105 to peer 0x55dbddf93170 (33 bytes)
1758568354.659147 sending message 105 to peer 0x55dbddf93170 (50 bytes)
1758568354.659153 sending message 105 to peer 0x55dbddf93170 (33 bytes)
1758568354.659158 sending message 105 to peer 0x55dbddf93170 (24 bytes)
1758568354.659163 sending message 105 to peer 0x55dbddf93170 (36 bytes)
1758568354.659168 sending message 105 to peer 0x55dbddf93170 (21 bytes)
1758568354.659172 sending message 105 to peer 0x55dbddf93170 (37 bytes)
1758568354.659178 sending message 105 to peer 0x55dbddf93170 (62 bytes)
1758568354.659182 sending message 105 to peer 0x55dbddf93170 (44 bytes)
1758568354.659187 sending message 105 to peer 0x55dbddf93170 (35 bytes)
1758568354.659192 sending message 105 to peer 0x55dbddf93170 (19 bytes)
1758568354.659197 sending message 105 to peer 0x55dbddf93170 (10 bytes)
1758568354.659202 sending message 105 to peer 0x55dbddf93170 (29 bytes)
1758568354.659208 sending message 105 to peer 0x55dbddf93170 (56 bytes)
1758568354.659213 sending message 105 to peer 0x55dbddf93170 (16 bytes)
1758568354.659218 sending message 105 to peer 0x55dbddf93170 (150 bytes)
1758568354.659223 sending message 105 to peer 0x55dbddf93170 (52 bytes)
1758568354.659229 sending message 105 to peer 0x55dbddf93170 (13 bytes)
1758568354.659234 sending message 105 to peer 0x55dbddf93170 (96 bytes)
1758568354.659239 sending message 105 to peer 0x55dbddf93170 (1030 bytes)
1758568354.659248 sending message 105 to peer 0x55dbddf93170 (60 bytes)
1758568354.659253 sending message 105 to peer 0x55dbddf93170 (23 bytes)
1758568354.659258 sending message 105 to peer 0x55dbddf93170 (42 bytes)
1758568354.659264 sending message 105 to peer 0x55dbddf93170 (19 bytes)
1758568354.659269 sending message 105 to peer 0x55dbddf93170 (16 bytes)
1758568354.659273 sending message 105 to peer 0x55dbddf93170 (17 bytes)
1758568354.659278 sending message 105 to peer 0x55dbddf93170 (53 bytes)
1758568354.659283 sending message 105 to peer 0x55dbddf93170 (34 bytes)
1758568354.659288 sending message 105 to peer 0x55dbddf93170 (30 bytes)
1758568354.659293 sending message 105 to peer 0x55dbddf93170 (20 bytes)
1758568354.659298 sending message 105 to peer 0x55dbddf93170 (75 bytes)
1758568354.659303 sending message 105 to peer 0x55dbddf93170 (16 bytes)
1758568354.659308 sending message 106 to peer 0x55dbddf93170 (0 bytes)
1758568354.659323 sending message 200 to peer 0x55dbddf93170 (4 bytes)
1758568354.659329 client loop enter
1758568354.665322 peer 0x55dbddf93170 message 207
1758568354.665346 sending message 208 to peer 0x55dbddf93170 (0 bytes)
1758568358.018632 peer 0x55dbddf93170 message 214
1758591003.019812 client_signal: Terminated
1758591003.019825 sending message 205 to peer 0x55dbddf93170 (0 bytes)
1758591003.019828 client_signal: Continued
1758591003.019830 sending message 216 to peer 0x55dbddf93170 (0 bytes)
1758591003.019832 client loop exit
